******************************************************************************
                  TI ARM Linker PC v18.12.4                    
******************************************************************************
>> Linked Sun Nov 22 17:03:14 2020

OUTPUT FILE NAME:   <Capstone.out>
ENTRY POINT SYMBOL: "_c_int00_noargs"  address: 000014e9


MEMORY CONFIGURATION

         name            origin    length      used     unused   attr    fill
----------------------  --------  ---------  --------  --------  ----  --------
  MAIN                  00000000   00040000  00001608  0003e9f8  R  X
  INFO                  00200000   00004000  00000000  00004000  R  X
  SRAM_CODE             01000000   00010000  00000298  0000fd68  RW X
  SRAM_DATA             20000000   00010000  00000298  0000fd68  RW  


SEGMENT ALLOCATION MAP

run origin  load origin   length   init length attrs members
----------  ----------- ---------- ----------- ----- -------
00000000    00000000    00001608   00001608    r-x
  00000000    00000000    000000e4   000000e4    r-- .intvecs
  000000e4    000000e4    000014bc   000014bc    r-x .text
  000015a0    000015a0    00000028   00000028    r-- .const
  000015c8    000015c8    00000040   00000040    r-- .cinit
20000000    20000000    00000098   00000000    rw-
  20000000    20000000    00000080   00000000    rw- .bss
  20000080    20000080    00000018   00000000    rw- .data
2000fe00    2000fe00    00000200   00000000    rw-
  2000fe00    2000fe00    00000200   00000000    rw- .stack


SECTION ALLOCATION MAP

 output                                  attributes/
section   page    origin      length       input sections
--------  ----  ----------  ----------   ----------------
.intvecs   0    00000000    000000e4     
                  00000000    000000e4     startup_msp432p401r_ccs.obj (.intvecs:retain)

.text      0    000000e4    000014bc     
                  000000e4    00000308     main.obj (.text:userTarget)
                  000003ec    00000294     main.obj (.text:targetActual)
                  00000680    00000278     main.obj (.text:EUSCIA0_IRQHandler)
                  000008f8    000001b6     rtsv7M4_T_le_v4SPD16_eabi.lib : fd_add_t2.asm.obj (.text)
                  00000aae    00000002     startup_msp432p401r_ccs.obj (.text:Default_Handler)
                  00000ab0    00000138     main.obj (.text:main)
                  00000be8    00000136     rtsv7M4_T_le_v4SPD16_eabi.lib : fd_div_t2.asm.obj (.text)
                  00000d1e    00000002     --HOLE-- [fill = 0]
                  00000d20    0000011c     msp432p4xx_driverlib.lib : uart.o (.text:UART_initModule)
                  00000e3c    000000fc     rtsv7M4_T_le_v4SPD16_eabi.lib : fd_mul_t2.asm.obj (.text)
                  00000f38    000000f0     main.obj (.text:PORT1_IRQHandler)
                  00001028    000000a4     main.obj (.text:writeSensor)
                  000010cc    0000009c     rtsv7M4_T_le_v4SPD16_eabi.lib : memcpy_t2.asm.obj (.text)
                  00001168    00000086                                   : fd_cmp_t2.asm.obj (.text:__aeabi_cdcmple)
                  000011ee    00000086                                   : fd_cmp_t2.asm.obj (.text:__aeabi_cdrcmple)
                  00001274    00000078     system_msp432p401r.obj (.text:SystemInit)
                  000012ec    00000070     main.obj (.text:packageHandler)
                  0000135c    00000068     rtsv7M4_T_le_v4SPD16_eabi.lib : copy_decompress_lzss.c.obj (.text:decompress:lzss:__TI_decompress_lzss)
                  000013c4    00000064     msp432p4xx_driverlib.lib : uart.o (.text:UART_getEnabledInterruptStatus)
                  00001428    00000048     rtsv7M4_T_le_v4SPD16_eabi.lib : fd_toi_t2.asm.obj (.text)
                  00001470    00000044                                   : autoinit.c.obj (.text:__TI_auto_init_nobinit_nopinit:__TI_auto_init_nobinit_nopinit)
                  000014b4    00000034     msp432p4xx_driverlib.lib : cs.o (.text:CS_setDCOCenteredFrequency)
                  000014e8    00000034     rtsv7M4_T_le_v4SPD16_eabi.lib : boot_cortex_m.c.obj (.text:_c_int00_noargs:_c_int00_noargs)
                  0000151c    0000002e                                   : i_tofd_t2.asm.obj (.text)
                  0000154a    0000001c                                   : copy_zero_init.c.obj (.text:decompress:ZI:__TI_zero_init_nomemset:__TI_zero_init_nomemset)
                  00001566    00000018     msp432p4xx_driverlib.lib : uart.o (.text:UART_getInterruptStatus)
                  0000157e    0000000e     rtsv7M4_T_le_v4SPD16_eabi.lib : copy_decompress_none.c.obj (.text:decompress:none:__TI_decompress_none)
                  0000158c    0000000c     startup_msp432p401r_ccs.obj (.text:Reset_Handler)
                  00001598    00000004     rtsv7M4_T_le_v4SPD16_eabi.lib : pre_init.c.obj (.text:_system_pre_init)
                  0000159c    00000004                                   : exit.c.obj (.text:abort:abort)

.const     0    000015a0    00000028     
                  000015a0    00000028     main.obj (.const:uartConfig)

.cinit     0    000015c8    00000040     
                  000015c8    00000015     (.cinit..data.load) [load image, compression = lzss]
                  000015dd    00000003     --HOLE-- [fill = 0]
                  000015e0    0000000c     (__TI_handler_table)
                  000015ec    00000004     --HOLE-- [fill = 0]
                  000015f0    00000008     (.cinit..bss.load) [load image, compression = zero_init]
                  000015f8    00000010     (__TI_cinit_table)

.init_array 
*          0    00000000    00000000     UNINITIALIZED

.binit     0    00000000    00000000     

.bss       0    20000000    00000080     UNINITIALIZED
                  20000000    00000030     (.common:sensor1)
                  20000030    00000010     (.common:sensor2)
                  20000040    00000008     (.common:start)
                  20000048    00000008     (.common:test)
                  20000050    00000004     (.common:aBlue)
                  20000054    00000004     (.common:aGreen)
                  20000058    00000004     (.common:aRed)
                  2000005c    00000004     (.common:i)
                  20000060    00000004     (.common:receiveByte)
                  20000064    00000004     (.common:tBlue)
                  20000068    00000004     (.common:tGreen)
                  2000006c    00000004     (.common:tRed)
                  20000070    00000004     (.common:temp)
                  20000074    00000004     (.common:uBlue)
                  20000078    00000004     (.common:uGreen)
                  2000007c    00000004     (.common:uRed)

.data      0    20000080    00000018     UNINITIALIZED
                  20000080    00000018     main.obj (.data)

.stack     0    2000fe00    00000200     UNINITIALIZED
                  2000fe00    00000004     rtsv7M4_T_le_v4SPD16_eabi.lib : boot_cortex_m.c.obj (.stack)
                  2000fe04    000001fc     --HOLE--

MODULE SUMMARY

       Module                        code   ro data   rw data
       ------                        ----   -------   -------
    .\
       main.obj                      2896   40        304    
       system_msp432p401r.obj        120    0         0      
    +--+-----------------------------+------+---------+---------+
       Total:                        3016   40        304    
                                                             
    .\ccs\
       startup_msp432p401r_ccs.obj   14     228       0      
    +--+-----------------------------+------+---------+---------+
       Total:                        14     228       0      
                                                             
    C:/ti/simplelink_msp432p4_sdk_3_40_01_02/source/ti/devices/msp432p4xx/driverlib/ccs/msp432p4xx_driverlib.lib
       uart.o                        408    0         0      
       cs.o                          52     0         0      
    +--+-----------------------------+------+---------+---------+
       Total:                        460    0         0      
                                                             
    C:\ti\ccs930\ccs\tools\compiler\ti-cgt-arm_18.12.4.LTS\lib\rtsv7M4_T_le_v4SPD16_eabi.lib
       fd_add_t2.asm.obj             438    0         0      
       fd_div_t2.asm.obj             310    0         0      
       fd_cmp_t2.asm.obj             268    0         0      
       fd_mul_t2.asm.obj             252    0         0      
       memcpy_t2.asm.obj             156    0         0      
       copy_decompress_lzss.c.obj    104    0         0      
       fd_toi_t2.asm.obj             72     0         0      
       autoinit.c.obj                68     0         0      
       boot_cortex_m.c.obj           52     0         0      
       i_tofd_t2.asm.obj             46     0         0      
       copy_zero_init.c.obj          28     0         0      
       copy_decompress_none.c.obj    14     0         0      
       exit.c.obj                    4      0         0      
       pre_init.c.obj                4      0         0      
    +--+-----------------------------+------+---------+---------+
       Total:                        1816   0         0      
                                                             
       Stack:                        0      0         1024   
       Linker Generated:             0      57        0      
    +--+-----------------------------+------+---------+---------+
       Grand Total:                  5306   325       1328   


LINKER GENERATED COPY TABLES

__TI_cinit_table @ 000015f8 records: 2, size/record: 8, table size: 16
	.data: load addr=000015c8, load size=00000015 bytes, run addr=20000080, run size=00000018 bytes, compression=lzss
	.bss: load addr=000015f0, load size=00000008 bytes, run addr=20000000, run size=00000080 bytes, compression=zero_init


LINKER GENERATED HANDLER TABLE

__TI_handler_table @ 000015e0 records: 3, size/record: 4, table size: 12
	index: 0, handler: __TI_decompress_lzss
	index: 1, handler: __TI_decompress_none
	index: 2, handler: __TI_zero_init


GLOBAL SYMBOLS: SORTED ALPHABETICALLY BY Name 

address   name                          
-------   ----                          
00000aaf  ADC14_IRQHandler              
00000aaf  AES256_IRQHandler             
00000aaf  BusFault_Handler              
0000159d  C$$EXIT                       
00000aaf  COMP_E0_IRQHandler            
00000aaf  COMP_E1_IRQHandler            
00000aaf  CS_IRQHandler                 
000014b5  CS_setDCOCenteredFrequency    
00000aaf  DMA_ERR_IRQHandler            
00000aaf  DMA_INT0_IRQHandler           
00000aaf  DMA_INT1_IRQHandler           
00000aaf  DMA_INT2_IRQHandler           
00000aaf  DMA_INT3_IRQHandler           
00000aaf  DebugMon_Handler              
00000aaf  Default_Handler               
00000681  EUSCIA0_IRQHandler            
00000681  EUSCIA0_IRQHandler            
00000aaf  EUSCIA1_IRQHandler            
00000aaf  EUSCIA2_IRQHandler            
00000aaf  EUSCIA3_IRQHandler            
00000aaf  EUSCIB0_IRQHandler            
00000aaf  EUSCIB1_IRQHandler            
00000aaf  EUSCIB2_IRQHandler            
00000aaf  EUSCIB3_IRQHandler            
00000aaf  FLCTL_IRQHandler              
00000aaf  FPU_IRQHandler                
00000aaf  HardFault_Handler             
00000aaf  MemManage_Handler             
00000aaf  NMI_Handler                   
00000aaf  PCM_IRQHandler                
00000f39  PORT1_IRQHandler              
00000f39  PORT1_IRQHandler              
00000aaf  PORT2_IRQHandler              
00000aaf  PORT3_IRQHandler              
00000aaf  PORT4_IRQHandler              
00000aaf  PORT5_IRQHandler              
00000aaf  PORT6_IRQHandler              
00000aaf  PSS_IRQHandler                
00000aaf  PendSV_Handler                
00000aaf  RTC_C_IRQHandler              
0000158d  Reset_Handler                 
00000aaf  SVC_Handler                   
00000aaf  SysTick_Handler               
00001275  SystemInit                    
00000aaf  T32_INT1_IRQHandler           
00000aaf  T32_INT2_IRQHandler           
00000aaf  T32_INTC_IRQHandler           
00000aaf  TA0_0_IRQHandler              
00000aaf  TA0_N_IRQHandler              
00000aaf  TA1_0_IRQHandler              
00000aaf  TA1_N_IRQHandler              
00000aaf  TA2_0_IRQHandler              
00000aaf  TA2_N_IRQHandler              
00000aaf  TA3_0_IRQHandler              
00000aaf  TA3_N_IRQHandler              
000013c5  UART_getEnabledInterruptStatus
00001567  UART_getInterruptStatus       
00000d21  UART_initModule               
00000aaf  UsageFault_Handler            
4000480c  WDTCTL_SYM                    
00000aaf  WDT_A_IRQHandler              
20010000  __STACK_END                   
00000200  __STACK_SIZE                  
000015f8  __TI_CINIT_Base               
00001608  __TI_CINIT_Limit              
000015e0  __TI_Handler_Table_Base       
000015ec  __TI_Handler_Table_Limit      
00001471  __TI_auto_init_nobinit_nopinit
0000135d  __TI_decompress_lzss          
0000157f  __TI_decompress_none          
ffffffff  __TI_pprof_out_hndl           
ffffffff  __TI_prof_data_size           
ffffffff  __TI_prof_data_start          
00000000  __TI_static_base__            
0000154b  __TI_zero_init_nomemset       
00001169  __aeabi_cdcmpeq               
00001169  __aeabi_cdcmple               
000011ef  __aeabi_cdrcmple              
00001429  __aeabi_d2iz                  
00000903  __aeabi_dadd                  
00000be9  __aeabi_ddiv                  
00000e3d  __aeabi_dmul                  
000008f9  __aeabi_dsub                  
0000151d  __aeabi_i2d                   
000010cd  __aeabi_memcpy                
000010cd  __aeabi_memcpy4               
000010cd  __aeabi_memcpy8               
ffffffff  __binit__                     
ffffffff  __c_args__                    
UNDEFED   __mpu_init                    
2000fe00  __stack                       
000014e9  _c_int00_noargs               
UNDEFED   _system_post_cinit            
00001599  _system_pre_init              
20000050  aBlue                         
20000054  aGreen                        
20000058  aRed                          
0000159d  abort                         
20000094  ack                           
ffffffff  binit                         
20000090  bytesReceived                 
2000005c  i                             
00000000  interruptVectors              
00000ab1  main                          
000010cd  memcpy                        
000012ed  packageHandler                
20000088  power                         
20000060  receiveByte                   
20000080  sens1                         
20000084  sens2                         
20000000  sensor1                       
20000030  sensor2                       
20000040  start                         
20000064  tBlue                         
20000068  tGreen                        
2000006c  tRed                          
000003ed  targetActual                  
20000070  temp                          
20000048  test                          
2000008c  testPackage                   
20000074  uBlue                         
20000078  uGreen                        
2000007c  uRed                          
000015a0  uartConfig                    
000000e5  userTarget                    
00001029  writeSensor                   


GLOBAL SYMBOLS: SORTED BY Symbol Address 

address   name                          
-------   ----                          
00000000  __TI_static_base__            
00000000  interruptVectors              
000000e5  userTarget                    
00000200  __STACK_SIZE                  
000003ed  targetActual                  
00000681  EUSCIA0_IRQHandler            
00000681  EUSCIA0_IRQHandler            
000008f9  __aeabi_dsub                  
00000903  __aeabi_dadd                  
00000aaf  ADC14_IRQHandler              
00000aaf  AES256_IRQHandler             
00000aaf  BusFault_Handler              
00000aaf  COMP_E0_IRQHandler            
00000aaf  COMP_E1_IRQHandler            
00000aaf  CS_IRQHandler                 
00000aaf  DMA_ERR_IRQHandler            
00000aaf  DMA_INT0_IRQHandler           
00000aaf  DMA_INT1_IRQHandler           
00000aaf  DMA_INT2_IRQHandler           
00000aaf  DMA_INT3_IRQHandler           
00000aaf  DebugMon_Handler              
00000aaf  Default_Handler               
00000aaf  EUSCIA1_IRQHandler            
00000aaf  EUSCIA2_IRQHandler            
00000aaf  EUSCIA3_IRQHandler            
00000aaf  EUSCIB0_IRQHandler            
00000aaf  EUSCIB1_IRQHandler            
00000aaf  EUSCIB2_IRQHandler            
00000aaf  EUSCIB3_IRQHandler            
00000aaf  FLCTL_IRQHandler              
00000aaf  FPU_IRQHandler                
00000aaf  HardFault_Handler             
00000aaf  MemManage_Handler             
00000aaf  NMI_Handler                   
00000aaf  PCM_IRQHandler                
00000aaf  PORT2_IRQHandler              
00000aaf  PORT3_IRQHandler              
00000aaf  PORT4_IRQHandler              
00000aaf  PORT5_IRQHandler              
00000aaf  PORT6_IRQHandler              
00000aaf  PSS_IRQHandler                
00000aaf  PendSV_Handler                
00000aaf  RTC_C_IRQHandler              
00000aaf  SVC_Handler                   
00000aaf  SysTick_Handler               
00000aaf  T32_INT1_IRQHandler           
00000aaf  T32_INT2_IRQHandler           
00000aaf  T32_INTC_IRQHandler           
00000aaf  TA0_0_IRQHandler              
00000aaf  TA0_N_IRQHandler              
00000aaf  TA1_0_IRQHandler              
00000aaf  TA1_N_IRQHandler              
00000aaf  TA2_0_IRQHandler              
00000aaf  TA2_N_IRQHandler              
00000aaf  TA3_0_IRQHandler              
00000aaf  TA3_N_IRQHandler              
00000aaf  UsageFault_Handler            
00000aaf  WDT_A_IRQHandler              
00000ab1  main                          
00000be9  __aeabi_ddiv                  
00000d21  UART_initModule               
00000e3d  __aeabi_dmul                  
00000f39  PORT1_IRQHandler              
00000f39  PORT1_IRQHandler              
00001029  writeSensor                   
000010cd  __aeabi_memcpy                
000010cd  __aeabi_memcpy4               
000010cd  __aeabi_memcpy8               
000010cd  memcpy                        
00001169  __aeabi_cdcmpeq               
00001169  __aeabi_cdcmple               
000011ef  __aeabi_cdrcmple              
00001275  SystemInit                    
000012ed  packageHandler                
0000135d  __TI_decompress_lzss          
000013c5  UART_getEnabledInterruptStatus
00001429  __aeabi_d2iz                  
00001471  __TI_auto_init_nobinit_nopinit
000014b5  CS_setDCOCenteredFrequency    
000014e9  _c_int00_noargs               
0000151d  __aeabi_i2d                   
0000154b  __TI_zero_init_nomemset       
00001567  UART_getInterruptStatus       
0000157f  __TI_decompress_none          
0000158d  Reset_Handler                 
00001599  _system_pre_init              
0000159d  C$$EXIT                       
0000159d  abort                         
000015a0  uartConfig                    
000015e0  __TI_Handler_Table_Base       
000015ec  __TI_Handler_Table_Limit      
000015f8  __TI_CINIT_Base               
00001608  __TI_CINIT_Limit              
20000000  sensor1                       
20000030  sensor2                       
20000040  start                         
20000048  test                          
20000050  aBlue                         
20000054  aGreen                        
20000058  aRed                          
2000005c  i                             
20000060  receiveByte                   
20000064  tBlue                         
20000068  tGreen                        
2000006c  tRed                          
20000070  temp                          
20000074  uBlue                         
20000078  uGreen                        
2000007c  uRed                          
20000080  sens1                         
20000084  sens2                         
20000088  power                         
2000008c  testPackage                   
20000090  bytesReceived                 
20000094  ack                           
2000fe00  __stack                       
20010000  __STACK_END                   
4000480c  WDTCTL_SYM                    
ffffffff  __TI_pprof_out_hndl           
ffffffff  __TI_prof_data_size           
ffffffff  __TI_prof_data_start          
ffffffff  __binit__                     
ffffffff  __c_args__                    
ffffffff  binit                         
UNDEFED   __mpu_init                    
UNDEFED   _system_post_cinit            

[126 symbols]
